<h1>Posts for hello</h1>
<ul>
	<li>test</li>

	<li>test page 2</li>
</ul>