<h1>Posts for tag</h1>
<ul>
	<li><small>20/07/2014</small> test</li>

	<li><small>01/07/2014</small> test page 2</li>
</ul>