<h1>Posts for this</h1>
<ul>
	<li><small>30/06/2014</small> test page 2</li>
</ul>