<h1>Posts for this-is</h1>
<ul>
	<li><small>19/07/2014</small> test</li>
</ul>